// Jest Snapshot v1, https://goo.gl/fbAQLP

exports[`should render Avatar component 1`] = `ShallowWrapper {}`;
